{
  "id": "Golden",
  "tags": [
    "Golden"
  ],
  "behaviors": [
    {
      "scale": 1.0,
      "category": 2
    },
    {
      "multiplier": 1.0
    },
    {
      "rewardTextLifeTime": 2.0,
      "speedIncreaseWhenDamaged": 2.5,
      "jumpChanceTotal": 20,
      "jumpChanceBackward": 2,
      "minJumpDist": 30.0,
      "maxJumpDistPercOfTrack": 0.2,
      "jumpSpeedMultiplier": 1.5,
      "invulnerableTime": 0.9,
      "cantJumpTime": 2.5,
      "speedIncreaseTime": 2.0
    }
  ],
  "distributeDamageToChildren": true,
  "disallowCosmetics": true,
  "isSaved": true,
  "radius": 8.0,
  "danger": 8.5,
  "maxHealth": 8,
  "coopMultiplier": 1.0,
  "armourMultiplier": 1.0,
  "layerNumber": 1,
  "dontShowInSandboxOnRelease": true,
  "Speed": 30.0,
  "IsBase": true,
  "speed": 30.0
}